// Jest Snapshot v1, https://goo.gl/fbAQLP

exports[`test core methods for lint-markdown test lintAndFix() to lint or fix markdown source 1`] = `
"# 标题后面不可以使用不规范的符号

## 标题后面不可以使用不规范的符号~

# 代码块不得为空



# 代码块语言不得为空

\`\`\`plain
console.log('hello world')
\`\`\`

# Inline Code 不得为空



# 不允许空列表

- 11







# 链接不得为空

参考资料：[JavaScript 高级程序设计]()

# 禁止全角数字

> 这件蛋糕只卖 1000 元。

> 这个 10 哈哈。

# 超长代码

\`\`\`typescript
console.log(\\"very long long long long long long long long long long long long long long long long long sentence\\");
\`\`\`

# 块引用有多余的空格

> 1231231232313


# 行内代码有多余的空格

right \`const a = 1\` 你好


# 链接标题有多余的空格

[JavaScript 高级程序设计, **前端**](https://book.douban.com/subject/10546125)


# 特殊字符

hello world, before here has a \\\\b.

# 中英文之间缺少空格

通过 XMLHttpRequest 的方式来请求的 http 资源


# 数字两侧缺少空格

33 你好世界 520 测试测试 32123123


# 使用标准省略号

hello world……
"
`;
